Copyright 1986-2022 Xilinx, Inc. All Rights Reserved. Copyright 2022-2023 Advanced Micro Devices, Inc. All Rights Reserved.
---------------------------------------------------------------------------------------------------------------------------------------------
| Tool Version : Vivado v.2023.2 (win64) Build 4029153 Fri Oct 13 20:14:34 MDT 2023
| Date         : Thu Apr  3 15:07:38 2025
| Host         : Shri running 64-bit major release  (build 9200)
| Command      : report_control_sets -verbose -file memory_control_sets_placed.rpt
| Design       : memory
| Device       : xc7a35t
---------------------------------------------------------------------------------------------------------------------------------------------

Control Set Information

Table of Contents
-----------------
1. Summary
2. Histogram
3. Flip-Flop Distribution
4. Detailed Control Set Information

1. Summary
----------

+----------------------------------------------------------+-------+
|                          Status                          | Count |
+----------------------------------------------------------+-------+
| Total control sets                                       |   512 |
|    Minimum number of control sets                        |   512 |
|    Addition due to synthesis replication                 |     0 |
|    Addition due to physical synthesis replication        |     0 |
| Unused register locations in slices containing registers |     0 |
+----------------------------------------------------------+-------+
* Control sets can be merged at opt_design using control_set_merge or merge_equivalent_drivers
** Run report_qor_suggestions for automated merging and remapping suggestions


2. Histogram
------------

+--------------------+-------+
|       Fanout       | Count |
+--------------------+-------+
| Total control sets |   512 |
| >= 0 to < 4        |     0 |
| >= 4 to < 6        |     0 |
| >= 6 to < 8        |     0 |
| >= 8 to < 10       |   512 |
| >= 10 to < 12      |     0 |
| >= 12 to < 14      |     0 |
| >= 14 to < 16      |     0 |
| >= 16              |     0 |
+--------------------+-------+
* Control sets can be remapped at either synth_design or opt_design


3. Flip-Flop Distribution
-------------------------

+--------------+-----------------------+------------------------+-----------------+--------------+
| Clock Enable | Synchronous Set/Reset | Asynchronous Set/Reset | Total Registers | Total Slices |
+--------------+-----------------------+------------------------+-----------------+--------------+
| No           | No                    | No                     |               0 |            0 |
| No           | No                    | Yes                    |               0 |            0 |
| No           | Yes                   | No                     |               0 |            0 |
| Yes          | No                    | No                     |               0 |            0 |
| Yes          | No                    | Yes                    |            4096 |         1507 |
| Yes          | Yes                   | No                     |               0 |            0 |
+--------------+-----------------------+------------------------+-----------------+--------------+


4. Detailed Control Set Information
-----------------------------------

+--------------------+--------------------------+------------------+------------------+----------------+--------------+
|    Clock Signal    |       Enable Signal      | Set/Reset Signal | Slice Load Count | Bel Load Count | Bels / Slice |
+--------------------+--------------------------+------------------+------------------+----------------+--------------+
|  clk100m_IBUF_BUFG | data_mem[104][7]_i_1_n_0 | reset_IBUF       |                2 |              8 |         4.00 |
|  clk100m_IBUF_BUFG | data_mem[10][7]_i_1_n_0  | reset_IBUF       |                2 |              8 |         4.00 |
|  clk100m_IBUF_BUFG | data_mem[113][7]_i_1_n_0 | reset_IBUF       |                1 |              8 |         8.00 |
|  clk100m_IBUF_BUFG | data_mem[119][7]_i_1_n_0 | reset_IBUF       |                2 |              8 |         4.00 |
|  clk100m_IBUF_BUFG | data_mem[118][7]_i_1_n_0 | reset_IBUF       |                2 |              8 |         4.00 |
|  clk100m_IBUF_BUFG | data_mem[123][7]_i_1_n_0 | reset_IBUF       |                2 |              8 |         4.00 |
|  clk100m_IBUF_BUFG | data_mem[124][7]_i_1_n_0 | reset_IBUF       |                3 |              8 |         2.67 |
|  clk100m_IBUF_BUFG | data_mem[120][7]_i_1_n_0 | reset_IBUF       |                3 |              8 |         2.67 |
|  clk100m_IBUF_BUFG | data_mem[103][7]_i_1_n_0 | reset_IBUF       |                3 |              8 |         2.67 |
|  clk100m_IBUF_BUFG | data_mem[128][7]_i_1_n_0 | reset_IBUF       |                2 |              8 |         4.00 |
|  clk100m_IBUF_BUFG | data_mem[129][7]_i_1_n_0 | reset_IBUF       |                2 |              8 |         4.00 |
|  clk100m_IBUF_BUFG | data_mem[12][7]_i_1_n_0  | reset_IBUF       |                2 |              8 |         4.00 |
|  clk100m_IBUF_BUFG | data_mem[130][7]_i_1_n_0 | reset_IBUF       |                2 |              8 |         4.00 |
|  clk100m_IBUF_BUFG | data_mem[131][7]_i_1_n_0 | reset_IBUF       |                2 |              8 |         4.00 |
|  clk100m_IBUF_BUFG | data_mem                 | reset_IBUF       |                5 |              8 |         1.60 |
|  clk100m_IBUF_BUFG | data_mem[107][7]_i_1_n_0 | reset_IBUF       |                3 |              8 |         2.67 |
|  clk100m_IBUF_BUFG | data_mem[112][7]_i_1_n_0 | reset_IBUF       |                2 |              8 |         4.00 |
|  clk100m_IBUF_BUFG | data_mem[115][7]_i_1_n_0 | reset_IBUF       |                1 |              8 |         8.00 |
|  clk100m_IBUF_BUFG | data_mem[132][7]_i_1_n_0 | reset_IBUF       |                2 |              8 |         4.00 |
|  clk100m_IBUF_BUFG | data_mem[102][7]_i_1_n_0 | reset_IBUF       |                5 |              8 |         1.60 |
|  clk100m_IBUF_BUFG | data_mem[116][7]_i_1_n_0 | reset_IBUF       |                5 |              8 |         1.60 |
|  clk100m_IBUF_BUFG | data_mem[101][7]_i_1_n_0 | reset_IBUF       |                2 |              8 |         4.00 |
|  clk100m_IBUF_BUFG | data_mem[117][7]_i_1_n_0 | reset_IBUF       |                1 |              8 |         8.00 |
|  clk100m_IBUF_BUFG | data_mem[0][7]_i_1_n_0   | reset_IBUF       |                2 |              8 |         4.00 |
|  clk100m_IBUF_BUFG | data_mem[11][7]_i_1_n_0  | reset_IBUF       |                2 |              8 |         4.00 |
|  clk100m_IBUF_BUFG | data_mem[125][7]_i_1_n_0 | reset_IBUF       |                2 |              8 |         4.00 |
|  clk100m_IBUF_BUFG | data_mem[127][7]_i_1_n_0 | reset_IBUF       |                8 |              8 |         1.00 |
|  clk100m_IBUF_BUFG | data_mem[133][7]_i_1_n_0 | reset_IBUF       |                2 |              8 |         4.00 |
|  clk100m_IBUF_BUFG | data_mem[134][7]_i_1_n_0 | reset_IBUF       |                2 |              8 |         4.00 |
|  clk100m_IBUF_BUFG | data_mem[106][7]_i_1_n_0 | reset_IBUF       |                2 |              8 |         4.00 |
|  clk100m_IBUF_BUFG | data_mem[111][7]_i_1_n_0 | reset_IBUF       |                3 |              8 |         2.67 |
|  clk100m_IBUF_BUFG | data_mem[109][7]_i_1_n_0 | reset_IBUF       |                1 |              8 |         8.00 |
|  clk100m_IBUF_BUFG | data_mem[114][7]_i_1_n_0 | reset_IBUF       |                4 |              8 |         2.00 |
|  clk100m_IBUF_BUFG | data_mem[105][7]_i_1_n_0 | reset_IBUF       |                4 |              8 |         2.00 |
|  clk100m_IBUF_BUFG | data_mem[110][7]_i_1_n_0 | reset_IBUF       |                5 |              8 |         1.60 |
|  clk100m_IBUF_BUFG | data_mem[121][7]_i_1_n_0 | reset_IBUF       |                3 |              8 |         2.67 |
|  clk100m_IBUF_BUFG | data_mem[122][7]_i_1_n_0 | reset_IBUF       |                2 |              8 |         4.00 |
|  clk100m_IBUF_BUFG | data_mem[126][7]_i_1_n_0 | reset_IBUF       |                3 |              8 |         2.67 |
|  clk100m_IBUF_BUFG | data_mem[100][7]_i_1_n_0 | reset_IBUF       |                2 |              8 |         4.00 |
|  clk100m_IBUF_BUFG | data_mem[108][7]_i_1_n_0 | reset_IBUF       |                2 |              8 |         4.00 |
|  clk100m_IBUF_BUFG | data_mem[18][7]_i_1_n_0  | reset_IBUF       |                1 |              8 |         8.00 |
|  clk100m_IBUF_BUFG | data_mem[17][7]_i_1_n_0  | reset_IBUF       |                5 |              8 |         1.60 |
|  clk100m_IBUF_BUFG | data_mem[161][7]_i_1_n_0 | reset_IBUF       |                1 |              8 |         8.00 |
|  clk100m_IBUF_BUFG | data_mem[185][7]_i_1_n_0 | reset_IBUF       |                2 |              8 |         4.00 |
|  clk100m_IBUF_BUFG | data_mem[187][7]_i_1_n_0 | reset_IBUF       |                5 |              8 |         1.60 |
|  clk100m_IBUF_BUFG | data_mem[162][7]_i_1_n_0 | reset_IBUF       |                1 |              8 |         8.00 |
|  clk100m_IBUF_BUFG | data_mem[16][7]_i_1_n_0  | reset_IBUF       |                2 |              8 |         4.00 |
|  clk100m_IBUF_BUFG | data_mem[138][7]_i_1_n_0 | reset_IBUF       |                2 |              8 |         4.00 |
|  clk100m_IBUF_BUFG | data_mem[145][7]_i_1_n_0 | reset_IBUF       |                3 |              8 |         2.67 |
|  clk100m_IBUF_BUFG | data_mem[164][7]_i_1_n_0 | reset_IBUF       |                1 |              8 |         8.00 |
|  clk100m_IBUF_BUFG | data_mem[173][7]_i_1_n_0 | reset_IBUF       |                2 |              8 |         4.00 |
|  clk100m_IBUF_BUFG | data_mem[177][7]_i_1_n_0 | reset_IBUF       |                2 |              8 |         4.00 |
|  clk100m_IBUF_BUFG | data_mem[179][7]_i_1_n_0 | reset_IBUF       |                2 |              8 |         4.00 |
|  clk100m_IBUF_BUFG | data_mem[167][7]_i_1_n_0 | reset_IBUF       |                3 |              8 |         2.67 |
|  clk100m_IBUF_BUFG | data_mem[180][7]_i_1_n_0 | reset_IBUF       |                3 |              8 |         2.67 |
|  clk100m_IBUF_BUFG | data_mem[15][7]_i_1_n_0  | reset_IBUF       |                2 |              8 |         4.00 |
|  clk100m_IBUF_BUFG | data_mem[181][7]_i_1_n_0 | reset_IBUF       |                2 |              8 |         4.00 |
|  clk100m_IBUF_BUFG | data_mem[178][7]_i_1_n_0 | reset_IBUF       |                2 |              8 |         4.00 |
|  clk100m_IBUF_BUFG | data_mem[183][7]_i_1_n_0 | reset_IBUF       |                1 |              8 |         8.00 |
|  clk100m_IBUF_BUFG | data_mem[163][7]_i_1_n_0 | reset_IBUF       |                4 |              8 |         2.00 |
|  clk100m_IBUF_BUFG | data_mem[169][7]_i_1_n_0 | reset_IBUF       |                3 |              8 |         2.67 |
|  clk100m_IBUF_BUFG | data_mem[170][7]_i_1_n_0 | reset_IBUF       |                2 |              8 |         4.00 |
|  clk100m_IBUF_BUFG | data_mem[190][7]_i_1_n_0 | reset_IBUF       |                2 |              8 |         4.00 |
|  clk100m_IBUF_BUFG | data_mem[191][7]_i_1_n_0 | reset_IBUF       |                2 |              8 |         4.00 |
|  clk100m_IBUF_BUFG | data_mem[136][7]_i_1_n_0 | reset_IBUF       |                2 |              8 |         4.00 |
|  clk100m_IBUF_BUFG | data_mem[137][7]_i_1_n_0 | reset_IBUF       |                3 |              8 |         2.67 |
|  clk100m_IBUF_BUFG | data_mem[143][7]_i_1_n_0 | reset_IBUF       |                7 |              8 |         1.14 |
|  clk100m_IBUF_BUFG | data_mem[154][7]_i_1_n_0 | reset_IBUF       |                2 |              8 |         4.00 |
|  clk100m_IBUF_BUFG | data_mem[147][7]_i_1_n_0 | reset_IBUF       |                2 |              8 |         4.00 |
|  clk100m_IBUF_BUFG | data_mem[165][7]_i_1_n_0 | reset_IBUF       |                2 |              8 |         4.00 |
|  clk100m_IBUF_BUFG | data_mem[182][7]_i_1_n_0 | reset_IBUF       |                2 |              8 |         4.00 |
|  clk100m_IBUF_BUFG | data_mem[192][7]_i_1_n_0 | reset_IBUF       |                1 |              8 |         8.00 |
|  clk100m_IBUF_BUFG | data_mem[166][7]_i_1_n_0 | reset_IBUF       |                2 |              8 |         4.00 |
|  clk100m_IBUF_BUFG | data_mem[156][7]_i_1_n_0 | reset_IBUF       |                5 |              8 |         1.60 |
|  clk100m_IBUF_BUFG | data_mem[186][7]_i_1_n_0 | reset_IBUF       |                2 |              8 |         4.00 |
|  clk100m_IBUF_BUFG | data_mem[141][7]_i_1_n_0 | reset_IBUF       |                2 |              8 |         4.00 |
|  clk100m_IBUF_BUFG | data_mem[142][7]_i_1_n_0 | reset_IBUF       |                6 |              8 |         1.33 |
|  clk100m_IBUF_BUFG | data_mem[144][7]_i_1_n_0 | reset_IBUF       |                2 |              8 |         4.00 |
|  clk100m_IBUF_BUFG | data_mem[152][7]_i_1_n_0 | reset_IBUF       |                2 |              8 |         4.00 |
|  clk100m_IBUF_BUFG | data_mem[146][7]_i_1_n_0 | reset_IBUF       |                2 |              8 |         4.00 |
|  clk100m_IBUF_BUFG | data_mem[159][7]_i_1_n_0 | reset_IBUF       |                7 |              8 |         1.14 |
|  clk100m_IBUF_BUFG | data_mem[160][7]_i_1_n_0 | reset_IBUF       |                2 |              8 |         4.00 |
|  clk100m_IBUF_BUFG | data_mem[157][7]_i_1_n_0 | reset_IBUF       |                3 |              8 |         2.67 |
|  clk100m_IBUF_BUFG | data_mem[171][7]_i_1_n_0 | reset_IBUF       |                2 |              8 |         4.00 |
|  clk100m_IBUF_BUFG | data_mem[174][7]_i_1_n_0 | reset_IBUF       |                2 |              8 |         4.00 |
|  clk100m_IBUF_BUFG | data_mem[175][7]_i_1_n_0 | reset_IBUF       |                8 |              8 |         1.00 |
|  clk100m_IBUF_BUFG | data_mem[140][7]_i_1_n_0 | reset_IBUF       |                2 |              8 |         4.00 |
|  clk100m_IBUF_BUFG | data_mem[153][7]_i_1_n_0 | reset_IBUF       |                2 |              8 |         4.00 |
|  clk100m_IBUF_BUFG | data_mem[158][7]_i_1_n_0 | reset_IBUF       |                4 |              8 |         2.00 |
|  clk100m_IBUF_BUFG | data_mem[168][7]_i_1_n_0 | reset_IBUF       |                2 |              8 |         4.00 |
|  clk100m_IBUF_BUFG | data_mem[139][7]_i_1_n_0 | reset_IBUF       |                2 |              8 |         4.00 |
|  clk100m_IBUF_BUFG | data_mem[135][7]_i_1_n_0 | reset_IBUF       |                3 |              8 |         2.67 |
|  clk100m_IBUF_BUFG | data_mem[13][7]_i_1_n_0  | reset_IBUF       |                2 |              8 |         4.00 |
|  clk100m_IBUF_BUFG | data_mem[149][7]_i_1_n_0 | reset_IBUF       |                2 |              8 |         4.00 |
|  clk100m_IBUF_BUFG | data_mem[14][7]_i_1_n_0  | reset_IBUF       |                2 |              8 |         4.00 |
|  clk100m_IBUF_BUFG | data_mem[148][7]_i_1_n_0 | reset_IBUF       |                2 |              8 |         4.00 |
|  clk100m_IBUF_BUFG | data_mem[150][7]_i_1_n_0 | reset_IBUF       |                3 |              8 |         2.67 |
|  clk100m_IBUF_BUFG | data_mem[172][7]_i_1_n_0 | reset_IBUF       |                4 |              8 |         2.00 |
|  clk100m_IBUF_BUFG | data_mem[151][7]_i_1_n_0 | reset_IBUF       |                2 |              8 |         4.00 |
|  clk100m_IBUF_BUFG | data_mem[176][7]_i_1_n_0 | reset_IBUF       |                5 |              8 |         1.60 |
|  clk100m_IBUF_BUFG | data_mem[155][7]_i_1_n_0 | reset_IBUF       |                2 |              8 |         4.00 |
|  clk100m_IBUF_BUFG | data_mem[184][7]_i_1_n_0 | reset_IBUF       |                3 |              8 |         2.67 |
|  clk100m_IBUF_BUFG | data_mem[188][7]_i_1_n_0 | reset_IBUF       |                2 |              8 |         4.00 |
|  clk100m_IBUF_BUFG | data_mem[189][7]_i_1_n_0 | reset_IBUF       |                4 |              8 |         2.00 |
|  clk100m_IBUF_BUFG | data_mem[20][7]_i_1_n_0  | reset_IBUF       |                2 |              8 |         4.00 |
|  clk100m_IBUF_BUFG | data_mem[199][7]_i_1_n_0 | reset_IBUF       |                2 |              8 |         4.00 |
|  clk100m_IBUF_BUFG | data_mem[209][7]_i_1_n_0 | reset_IBUF       |                2 |              8 |         4.00 |
|  clk100m_IBUF_BUFG | data_mem[215][7]_i_1_n_0 | reset_IBUF       |                2 |              8 |         4.00 |
|  clk100m_IBUF_BUFG | data_mem[212][7]_i_1_n_0 | reset_IBUF       |                1 |              8 |         8.00 |
|  clk100m_IBUF_BUFG | data_mem[216][7]_i_1_n_0 | reset_IBUF       |                4 |              8 |         2.00 |
|  clk100m_IBUF_BUFG | data_mem[219][7]_i_1_n_0 | reset_IBUF       |                2 |              8 |         4.00 |
|  clk100m_IBUF_BUFG | data_mem[204][7]_i_1_n_0 | reset_IBUF       |                2 |              8 |         4.00 |
|  clk100m_IBUF_BUFG | data_mem[21][7]_i_1_n_0  | reset_IBUF       |                2 |              8 |         4.00 |
|  clk100m_IBUF_BUFG | data_mem[19][7]_i_1_n_0  | reset_IBUF       |                1 |              8 |         8.00 |
|  clk100m_IBUF_BUFG | data_mem[214][7]_i_1_n_0 | reset_IBUF       |                5 |              8 |         1.60 |
|  clk100m_IBUF_BUFG | data_mem[193][7]_i_1_n_0 | reset_IBUF       |                2 |              8 |         4.00 |
|  clk100m_IBUF_BUFG | data_mem[201][7]_i_1_n_0 | reset_IBUF       |                2 |              8 |         4.00 |
|  clk100m_IBUF_BUFG | data_mem[202][7]_i_1_n_0 | reset_IBUF       |                2 |              8 |         4.00 |
|  clk100m_IBUF_BUFG | data_mem[205][7]_i_1_n_0 | reset_IBUF       |                2 |              8 |         4.00 |
|  clk100m_IBUF_BUFG | data_mem[1][7]_i_1_n_0   | reset_IBUF       |                3 |              8 |         2.67 |
|  clk100m_IBUF_BUFG | data_mem[226][7]_i_1_n_0 | reset_IBUF       |                2 |              8 |         4.00 |
|  clk100m_IBUF_BUFG | data_mem[227][7]_i_1_n_0 | reset_IBUF       |                2 |              8 |         4.00 |
|  clk100m_IBUF_BUFG | data_mem[206][7]_i_1_n_0 | reset_IBUF       |                2 |              8 |         4.00 |
|  clk100m_IBUF_BUFG | data_mem[228][7]_i_1_n_0 | reset_IBUF       |                2 |              8 |         4.00 |
|  clk100m_IBUF_BUFG | data_mem[229][7]_i_1_n_0 | reset_IBUF       |                2 |              8 |         4.00 |
|  clk100m_IBUF_BUFG | data_mem[198][7]_i_1_n_0 | reset_IBUF       |                2 |              8 |         4.00 |
|  clk100m_IBUF_BUFG | data_mem[195][7]_i_1_n_0 | reset_IBUF       |                2 |              8 |         4.00 |
|  clk100m_IBUF_BUFG | data_mem[225][7]_i_1_n_0 | reset_IBUF       |                2 |              8 |         4.00 |
|  clk100m_IBUF_BUFG | data_mem[22][7]_i_1_n_0  | reset_IBUF       |                2 |              8 |         4.00 |
|  clk100m_IBUF_BUFG | data_mem[203][7]_i_1_n_0 | reset_IBUF       |                3 |              8 |         2.67 |
|  clk100m_IBUF_BUFG | data_mem[230][7]_i_1_n_0 | reset_IBUF       |                2 |              8 |         4.00 |
|  clk100m_IBUF_BUFG | data_mem[232][7]_i_1_n_0 | reset_IBUF       |                3 |              8 |         2.67 |
|  clk100m_IBUF_BUFG | data_mem[194][7]_i_1_n_0 | reset_IBUF       |                2 |              8 |         4.00 |
|  clk100m_IBUF_BUFG | data_mem[200][7]_i_1_n_0 | reset_IBUF       |                4 |              8 |         2.00 |
|  clk100m_IBUF_BUFG | data_mem[208][7]_i_1_n_0 | reset_IBUF       |                2 |              8 |         4.00 |
|  clk100m_IBUF_BUFG | data_mem[220][7]_i_1_n_0 | reset_IBUF       |                5 |              8 |         1.60 |
|  clk100m_IBUF_BUFG | data_mem[233][7]_i_1_n_0 | reset_IBUF       |                2 |              8 |         4.00 |
|  clk100m_IBUF_BUFG | data_mem[234][7]_i_1_n_0 | reset_IBUF       |                2 |              8 |         4.00 |
|  clk100m_IBUF_BUFG | data_mem[207][7]_i_1_n_0 | reset_IBUF       |                8 |              8 |         1.00 |
|  clk100m_IBUF_BUFG | data_mem[197][7]_i_1_n_0 | reset_IBUF       |                2 |              8 |         4.00 |
|  clk100m_IBUF_BUFG | data_mem[217][7]_i_1_n_0 | reset_IBUF       |                4 |              8 |         2.00 |
|  clk100m_IBUF_BUFG | data_mem[231][7]_i_1_n_0 | reset_IBUF       |                2 |              8 |         4.00 |
|  clk100m_IBUF_BUFG | data_mem[221][7]_i_1_n_0 | reset_IBUF       |                2 |              8 |         4.00 |
|  clk100m_IBUF_BUFG | data_mem[236][7]_i_1_n_0 | reset_IBUF       |                2 |              8 |         4.00 |
|  clk100m_IBUF_BUFG | data_mem[237][7]_i_1_n_0 | reset_IBUF       |                2 |              8 |         4.00 |
|  clk100m_IBUF_BUFG | data_mem[238][7]_i_1_n_0 | reset_IBUF       |                2 |              8 |         4.00 |
|  clk100m_IBUF_BUFG | data_mem[239][7]_i_1_n_0 | reset_IBUF       |                8 |              8 |         1.00 |
|  clk100m_IBUF_BUFG | data_mem[23][7]_i_1_n_0  | reset_IBUF       |                2 |              8 |         4.00 |
|  clk100m_IBUF_BUFG | data_mem[241][7]_i_1_n_0 | reset_IBUF       |                2 |              8 |         4.00 |
|  clk100m_IBUF_BUFG | data_mem[243][7]_i_1_n_0 | reset_IBUF       |                2 |              8 |         4.00 |
|  clk100m_IBUF_BUFG | data_mem[244][7]_i_1_n_0 | reset_IBUF       |                2 |              8 |         4.00 |
|  clk100m_IBUF_BUFG | data_mem[235][7]_i_1_n_0 | reset_IBUF       |                2 |              8 |         4.00 |
|  clk100m_IBUF_BUFG | data_mem[245][7]_i_1_n_0 | reset_IBUF       |                2 |              8 |         4.00 |
|  clk100m_IBUF_BUFG | data_mem[240][7]_i_1_n_0 | reset_IBUF       |                2 |              8 |         4.00 |
|  clk100m_IBUF_BUFG | data_mem[213][7]_i_1_n_0 | reset_IBUF       |                2 |              8 |         4.00 |
|  clk100m_IBUF_BUFG | data_mem[210][7]_i_1_n_0 | reset_IBUF       |                1 |              8 |         8.00 |
|  clk100m_IBUF_BUFG | data_mem[242][7]_i_1_n_0 | reset_IBUF       |                2 |              8 |         4.00 |
|  clk100m_IBUF_BUFG | data_mem[246][7]_i_1_n_0 | reset_IBUF       |                6 |              8 |         1.33 |
|  clk100m_IBUF_BUFG | data_mem[248][7]_i_1_n_0 | reset_IBUF       |                3 |              8 |         2.67 |
|  clk100m_IBUF_BUFG | data_mem[247][7]_i_1_n_0 | reset_IBUF       |                4 |              8 |         2.00 |
|  clk100m_IBUF_BUFG | data_mem[249][7]_i_1_n_0 | reset_IBUF       |                2 |              8 |         4.00 |
|  clk100m_IBUF_BUFG | data_mem[196][7]_i_1_n_0 | reset_IBUF       |                2 |              8 |         4.00 |
|  clk100m_IBUF_BUFG | data_mem[211][7]_i_1_n_0 | reset_IBUF       |                2 |              8 |         4.00 |
|  clk100m_IBUF_BUFG | data_mem[222][7]_i_1_n_0 | reset_IBUF       |                3 |              8 |         2.67 |
|  clk100m_IBUF_BUFG | data_mem[223][7]_i_1_n_0 | reset_IBUF       |                3 |              8 |         2.67 |
|  clk100m_IBUF_BUFG | data_mem[224][7]_i_1_n_0 | reset_IBUF       |                3 |              8 |         2.67 |
|  clk100m_IBUF_BUFG | data_mem[218][7]_i_1_n_0 | reset_IBUF       |                4 |              8 |         2.00 |
|  clk100m_IBUF_BUFG | data_mem[281][7]_i_1_n_0 | reset_IBUF       |                2 |              8 |         4.00 |
|  clk100m_IBUF_BUFG | data_mem[268][7]_i_1_n_0 | reset_IBUF       |                3 |              8 |         2.67 |
|  clk100m_IBUF_BUFG | data_mem[26][7]_i_1_n_0  | reset_IBUF       |                2 |              8 |         4.00 |
|  clk100m_IBUF_BUFG | data_mem[283][7]_i_1_n_0 | reset_IBUF       |                3 |              8 |         2.67 |
|  clk100m_IBUF_BUFG | data_mem[250][7]_i_1_n_0 | reset_IBUF       |                2 |              8 |         4.00 |
|  clk100m_IBUF_BUFG | data_mem[257][7]_i_1_n_0 | reset_IBUF       |                3 |              8 |         2.67 |
|  clk100m_IBUF_BUFG | data_mem[258][7]_i_1_n_0 | reset_IBUF       |                3 |              8 |         2.67 |
|  clk100m_IBUF_BUFG | data_mem[277][7]_i_1_n_0 | reset_IBUF       |                2 |              8 |         4.00 |
|  clk100m_IBUF_BUFG | data_mem[254][7]_i_1_n_0 | reset_IBUF       |                2 |              8 |         4.00 |
|  clk100m_IBUF_BUFG | data_mem[272][7]_i_1_n_0 | reset_IBUF       |                1 |              8 |         8.00 |
|  clk100m_IBUF_BUFG | data_mem[276][7]_i_1_n_0 | reset_IBUF       |                3 |              8 |         2.67 |
|  clk100m_IBUF_BUFG | data_mem[278][7]_i_1_n_0 | reset_IBUF       |                3 |              8 |         2.67 |
|  clk100m_IBUF_BUFG | data_mem[284][7]_i_1_n_0 | reset_IBUF       |                2 |              8 |         4.00 |
|  clk100m_IBUF_BUFG | data_mem[286][7]_i_1_n_0 | reset_IBUF       |                4 |              8 |         2.00 |
|  clk100m_IBUF_BUFG | data_mem[282][7]_i_1_n_0 | reset_IBUF       |                3 |              8 |         2.67 |
|  clk100m_IBUF_BUFG | data_mem[266][7]_i_1_n_0 | reset_IBUF       |                2 |              8 |         4.00 |
|  clk100m_IBUF_BUFG | data_mem[285][7]_i_1_n_0 | reset_IBUF       |                7 |              8 |         1.14 |
|  clk100m_IBUF_BUFG | data_mem[287][7]_i_1_n_0 | reset_IBUF       |                8 |              8 |         1.00 |
|  clk100m_IBUF_BUFG | data_mem[256][7]_i_1_n_0 | reset_IBUF       |                2 |              8 |         4.00 |
|  clk100m_IBUF_BUFG | data_mem[289][7]_i_1_n_0 | reset_IBUF       |                2 |              8 |         4.00 |
|  clk100m_IBUF_BUFG | data_mem[28][7]_i_1_n_0  | reset_IBUF       |                2 |              8 |         4.00 |
|  clk100m_IBUF_BUFG | data_mem[290][7]_i_1_n_0 | reset_IBUF       |                4 |              8 |         2.00 |
|  clk100m_IBUF_BUFG | data_mem[291][7]_i_1_n_0 | reset_IBUF       |                3 |              8 |         2.67 |
|  clk100m_IBUF_BUFG | data_mem[251][7]_i_1_n_0 | reset_IBUF       |                2 |              8 |         4.00 |
|  clk100m_IBUF_BUFG | data_mem[25][7]_i_1_n_0  | reset_IBUF       |                7 |              8 |         1.14 |
|  clk100m_IBUF_BUFG | data_mem[27][7]_i_1_n_0  | reset_IBUF       |                2 |              8 |         4.00 |
|  clk100m_IBUF_BUFG | data_mem[292][7]_i_1_n_0 | reset_IBUF       |                3 |              8 |         2.67 |
|  clk100m_IBUF_BUFG | data_mem[269][7]_i_1_n_0 | reset_IBUF       |                3 |              8 |         2.67 |
|  clk100m_IBUF_BUFG | data_mem[271][7]_i_1_n_0 | reset_IBUF       |                5 |              8 |         1.60 |
|  clk100m_IBUF_BUFG | data_mem[270][7]_i_1_n_0 | reset_IBUF       |                7 |              8 |         1.14 |
|  clk100m_IBUF_BUFG | data_mem[253][7]_i_1_n_0 | reset_IBUF       |                4 |              8 |         2.00 |
|  clk100m_IBUF_BUFG | data_mem[293][7]_i_1_n_0 | reset_IBUF       |                3 |              8 |         2.67 |
|  clk100m_IBUF_BUFG | data_mem[294][7]_i_1_n_0 | reset_IBUF       |                2 |              8 |         4.00 |
|  clk100m_IBUF_BUFG | data_mem[295][7]_i_1_n_0 | reset_IBUF       |                2 |              8 |         4.00 |
|  clk100m_IBUF_BUFG | data_mem[296][7]_i_1_n_0 | reset_IBUF       |                3 |              8 |         2.67 |
|  clk100m_IBUF_BUFG | data_mem[288][7]_i_1_n_0 | reset_IBUF       |                3 |              8 |         2.67 |
|  clk100m_IBUF_BUFG | data_mem[298][7]_i_1_n_0 | reset_IBUF       |                2 |              8 |         4.00 |
|  clk100m_IBUF_BUFG | data_mem[299][7]_i_1_n_0 | reset_IBUF       |                2 |              8 |         4.00 |
|  clk100m_IBUF_BUFG | data_mem[24][7]_i_1_n_0  | reset_IBUF       |                4 |              8 |         2.00 |
|  clk100m_IBUF_BUFG | data_mem[29][7]_i_1_n_0  | reset_IBUF       |                2 |              8 |         4.00 |
|  clk100m_IBUF_BUFG | data_mem[297][7]_i_1_n_0 | reset_IBUF       |                3 |              8 |         2.67 |
|  clk100m_IBUF_BUFG | data_mem[2][7]_i_1_n_0   | reset_IBUF       |                2 |              8 |         4.00 |
|  clk100m_IBUF_BUFG | data_mem[259][7]_i_1_n_0 | reset_IBUF       |                1 |              8 |         8.00 |
|  clk100m_IBUF_BUFG | data_mem[261][7]_i_1_n_0 | reset_IBUF       |                2 |              8 |         4.00 |
|  clk100m_IBUF_BUFG | data_mem[262][7]_i_1_n_0 | reset_IBUF       |                1 |              8 |         8.00 |
|  clk100m_IBUF_BUFG | data_mem[263][7]_i_1_n_0 | reset_IBUF       |                3 |              8 |         2.67 |
|  clk100m_IBUF_BUFG | data_mem[264][7]_i_1_n_0 | reset_IBUF       |                3 |              8 |         2.67 |
|  clk100m_IBUF_BUFG | data_mem[267][7]_i_1_n_0 | reset_IBUF       |                2 |              8 |         4.00 |
|  clk100m_IBUF_BUFG | data_mem[274][7]_i_1_n_0 | reset_IBUF       |                2 |              8 |         4.00 |
|  clk100m_IBUF_BUFG | data_mem[273][7]_i_1_n_0 | reset_IBUF       |                2 |              8 |         4.00 |
|  clk100m_IBUF_BUFG | data_mem[275][7]_i_1_n_0 | reset_IBUF       |                2 |              8 |         4.00 |
|  clk100m_IBUF_BUFG | data_mem[252][7]_i_1_n_0 | reset_IBUF       |                3 |              8 |         2.67 |
|  clk100m_IBUF_BUFG | data_mem[260][7]_i_1_n_0 | reset_IBUF       |                2 |              8 |         4.00 |
|  clk100m_IBUF_BUFG | data_mem[255][7]_i_1_n_0 | reset_IBUF       |                6 |              8 |         1.33 |
|  clk100m_IBUF_BUFG | data_mem[265][7]_i_1_n_0 | reset_IBUF       |                3 |              8 |         2.67 |
|  clk100m_IBUF_BUFG | data_mem[279][7]_i_1_n_0 | reset_IBUF       |                3 |              8 |         2.67 |
|  clk100m_IBUF_BUFG | data_mem[280][7]_i_1_n_0 | reset_IBUF       |                4 |              8 |         2.00 |
|  clk100m_IBUF_BUFG | data_mem[307][7]_i_1_n_0 | reset_IBUF       |                4 |              8 |         2.00 |
|  clk100m_IBUF_BUFG | data_mem[317][7]_i_1_n_0 | reset_IBUF       |                2 |              8 |         4.00 |
|  clk100m_IBUF_BUFG | data_mem[353][7]_i_1_n_0 | reset_IBUF       |                2 |              8 |         4.00 |
|  clk100m_IBUF_BUFG | data_mem[321][7]_i_1_n_0 | reset_IBUF       |                2 |              8 |         4.00 |
|  clk100m_IBUF_BUFG | data_mem[303][7]_i_1_n_0 | reset_IBUF       |                7 |              8 |         1.14 |
|  clk100m_IBUF_BUFG | data_mem[319][7]_i_1_n_0 | reset_IBUF       |                7 |              8 |         1.14 |
|  clk100m_IBUF_BUFG | data_mem[304][7]_i_1_n_0 | reset_IBUF       |                2 |              8 |         4.00 |
|  clk100m_IBUF_BUFG | data_mem[332][7]_i_1_n_0 | reset_IBUF       |                4 |              8 |         2.00 |
|  clk100m_IBUF_BUFG | data_mem[334][7]_i_1_n_0 | reset_IBUF       |                6 |              8 |         1.33 |
|  clk100m_IBUF_BUFG | data_mem[308][7]_i_1_n_0 | reset_IBUF       |                4 |              8 |         2.00 |
|  clk100m_IBUF_BUFG | data_mem[306][7]_i_1_n_0 | reset_IBUF       |                2 |              8 |         4.00 |
|  clk100m_IBUF_BUFG | data_mem[310][7]_i_1_n_0 | reset_IBUF       |                2 |              8 |         4.00 |
|  clk100m_IBUF_BUFG | data_mem[345][7]_i_1_n_0 | reset_IBUF       |                3 |              8 |         2.67 |
|  clk100m_IBUF_BUFG | data_mem[300][7]_i_1_n_0 | reset_IBUF       |                1 |              8 |         8.00 |
|  clk100m_IBUF_BUFG | data_mem[337][7]_i_1_n_0 | reset_IBUF       |                4 |              8 |         2.00 |
|  clk100m_IBUF_BUFG | data_mem[342][7]_i_1_n_0 | reset_IBUF       |                4 |              8 |         2.00 |
|  clk100m_IBUF_BUFG | data_mem[343][7]_i_1_n_0 | reset_IBUF       |                2 |              8 |         4.00 |
|  clk100m_IBUF_BUFG | data_mem[305][7]_i_1_n_0 | reset_IBUF       |                2 |              8 |         4.00 |
|  clk100m_IBUF_BUFG | data_mem[344][7]_i_1_n_0 | reset_IBUF       |                4 |              8 |         2.00 |
|  clk100m_IBUF_BUFG | data_mem[315][7]_i_1_n_0 | reset_IBUF       |                4 |              8 |         2.00 |
|  clk100m_IBUF_BUFG | data_mem[333][7]_i_1_n_0 | reset_IBUF       |                2 |              8 |         4.00 |
|  clk100m_IBUF_BUFG | data_mem[301][7]_i_1_n_0 | reset_IBUF       |                1 |              8 |         8.00 |
|  clk100m_IBUF_BUFG | data_mem[312][7]_i_1_n_0 | reset_IBUF       |                2 |              8 |         4.00 |
|  clk100m_IBUF_BUFG | data_mem[339][7]_i_1_n_0 | reset_IBUF       |                2 |              8 |         4.00 |
|  clk100m_IBUF_BUFG | data_mem[335][7]_i_1_n_0 | reset_IBUF       |                6 |              8 |         1.33 |
|  clk100m_IBUF_BUFG | data_mem[324][7]_i_1_n_0 | reset_IBUF       |                3 |              8 |         2.67 |
|  clk100m_IBUF_BUFG | data_mem[302][7]_i_1_n_0 | reset_IBUF       |                4 |              8 |         2.00 |
|  clk100m_IBUF_BUFG | data_mem[325][7]_i_1_n_0 | reset_IBUF       |                1 |              8 |         8.00 |
|  clk100m_IBUF_BUFG | data_mem[311][7]_i_1_n_0 | reset_IBUF       |                2 |              8 |         4.00 |
|  clk100m_IBUF_BUFG | data_mem[322][7]_i_1_n_0 | reset_IBUF       |                3 |              8 |         2.67 |
|  clk100m_IBUF_BUFG | data_mem[330][7]_i_1_n_0 | reset_IBUF       |                2 |              8 |         4.00 |
|  clk100m_IBUF_BUFG | data_mem[33][7]_i_1_n_0  | reset_IBUF       |                4 |              8 |         2.00 |
|  clk100m_IBUF_BUFG | data_mem[318][7]_i_1_n_0 | reset_IBUF       |                3 |              8 |         2.67 |
|  clk100m_IBUF_BUFG | data_mem[313][7]_i_1_n_0 | reset_IBUF       |                3 |              8 |         2.67 |
|  clk100m_IBUF_BUFG | data_mem[323][7]_i_1_n_0 | reset_IBUF       |                1 |              8 |         8.00 |
|  clk100m_IBUF_BUFG | data_mem[336][7]_i_1_n_0 | reset_IBUF       |                4 |              8 |         2.00 |
|  clk100m_IBUF_BUFG | data_mem[348][7]_i_1_n_0 | reset_IBUF       |                3 |              8 |         2.67 |
|  clk100m_IBUF_BUFG | data_mem[320][7]_i_1_n_0 | reset_IBUF       |                2 |              8 |         4.00 |
|  clk100m_IBUF_BUFG | data_mem[340][7]_i_1_n_0 | reset_IBUF       |                2 |              8 |         4.00 |
|  clk100m_IBUF_BUFG | data_mem[34][7]_i_1_n_0  | reset_IBUF       |                3 |              8 |         2.67 |
|  clk100m_IBUF_BUFG | data_mem[350][7]_i_1_n_0 | reset_IBUF       |                7 |              8 |         1.14 |
|  clk100m_IBUF_BUFG | data_mem[328][7]_i_1_n_0 | reset_IBUF       |                2 |              8 |         4.00 |
|  clk100m_IBUF_BUFG | data_mem[309][7]_i_1_n_0 | reset_IBUF       |                3 |              8 |         2.67 |
|  clk100m_IBUF_BUFG | data_mem[351][7]_i_1_n_0 | reset_IBUF       |                6 |              8 |         1.33 |
|  clk100m_IBUF_BUFG | data_mem[352][7]_i_1_n_0 | reset_IBUF       |                2 |              8 |         4.00 |
|  clk100m_IBUF_BUFG | data_mem[341][7]_i_1_n_0 | reset_IBUF       |                2 |              8 |         4.00 |
|  clk100m_IBUF_BUFG | data_mem[354][7]_i_1_n_0 | reset_IBUF       |                2 |              8 |         4.00 |
|  clk100m_IBUF_BUFG | data_mem[355][7]_i_1_n_0 | reset_IBUF       |                2 |              8 |         4.00 |
|  clk100m_IBUF_BUFG | data_mem[338][7]_i_1_n_0 | reset_IBUF       |                2 |              8 |         4.00 |
|  clk100m_IBUF_BUFG | data_mem[316][7]_i_1_n_0 | reset_IBUF       |                2 |              8 |         4.00 |
|  clk100m_IBUF_BUFG | data_mem[327][7]_i_1_n_0 | reset_IBUF       |                3 |              8 |         2.67 |
|  clk100m_IBUF_BUFG | data_mem[32][7]_i_1_n_0  | reset_IBUF       |                2 |              8 |         4.00 |
|  clk100m_IBUF_BUFG | data_mem[349][7]_i_1_n_0 | reset_IBUF       |                3 |              8 |         2.67 |
|  clk100m_IBUF_BUFG | data_mem[356][7]_i_1_n_0 | reset_IBUF       |                2 |              8 |         4.00 |
|  clk100m_IBUF_BUFG | data_mem[331][7]_i_1_n_0 | reset_IBUF       |                2 |              8 |         4.00 |
|  clk100m_IBUF_BUFG | data_mem[347][7]_i_1_n_0 | reset_IBUF       |                3 |              8 |         2.67 |
|  clk100m_IBUF_BUFG | data_mem[357][7]_i_1_n_0 | reset_IBUF       |                1 |              8 |         8.00 |
|  clk100m_IBUF_BUFG | data_mem[358][7]_i_1_n_0 | reset_IBUF       |                2 |              8 |         4.00 |
|  clk100m_IBUF_BUFG | data_mem[314][7]_i_1_n_0 | reset_IBUF       |                2 |              8 |         4.00 |
|  clk100m_IBUF_BUFG | data_mem[30][7]_i_1_n_0  | reset_IBUF       |                4 |              8 |         2.00 |
|  clk100m_IBUF_BUFG | data_mem[31][7]_i_1_n_0  | reset_IBUF       |                7 |              8 |         1.14 |
|  clk100m_IBUF_BUFG | data_mem[326][7]_i_1_n_0 | reset_IBUF       |                2 |              8 |         4.00 |
|  clk100m_IBUF_BUFG | data_mem[346][7]_i_1_n_0 | reset_IBUF       |                3 |              8 |         2.67 |
|  clk100m_IBUF_BUFG | data_mem[329][7]_i_1_n_0 | reset_IBUF       |                5 |              8 |         1.60 |
|  clk100m_IBUF_BUFG | data_mem[390][7]_i_1_n_0 | reset_IBUF       |                2 |              8 |         4.00 |
|  clk100m_IBUF_BUFG | data_mem[374][7]_i_1_n_0 | reset_IBUF       |                2 |              8 |         4.00 |
|  clk100m_IBUF_BUFG | data_mem[364][7]_i_1_n_0 | reset_IBUF       |                4 |              8 |         2.00 |
|  clk100m_IBUF_BUFG | data_mem[382][7]_i_1_n_0 | reset_IBUF       |                3 |              8 |         2.67 |
|  clk100m_IBUF_BUFG | data_mem[38][7]_i_1_n_0  | reset_IBUF       |                1 |              8 |         8.00 |
|  clk100m_IBUF_BUFG | data_mem[380][7]_i_1_n_0 | reset_IBUF       |                2 |              8 |         4.00 |
|  clk100m_IBUF_BUFG | data_mem[391][7]_i_1_n_0 | reset_IBUF       |                2 |              8 |         4.00 |
|  clk100m_IBUF_BUFG | data_mem[379][7]_i_1_n_0 | reset_IBUF       |                2 |              8 |         4.00 |
|  clk100m_IBUF_BUFG | data_mem[366][7]_i_1_n_0 | reset_IBUF       |                6 |              8 |         1.33 |
|  clk100m_IBUF_BUFG | data_mem[395][7]_i_1_n_0 | reset_IBUF       |                2 |              8 |         4.00 |
|  clk100m_IBUF_BUFG | data_mem[399][7]_i_1_n_0 | reset_IBUF       |                8 |              8 |         1.00 |
|  clk100m_IBUF_BUFG | data_mem[370][7]_i_1_n_0 | reset_IBUF       |                2 |              8 |         4.00 |
|  clk100m_IBUF_BUFG | data_mem[393][7]_i_1_n_0 | reset_IBUF       |                3 |              8 |         2.67 |
|  clk100m_IBUF_BUFG | data_mem[37][7]_i_1_n_0  | reset_IBUF       |                1 |              8 |         8.00 |
|  clk100m_IBUF_BUFG | data_mem[39][7]_i_1_n_0  | reset_IBUF       |                3 |              8 |         2.67 |
|  clk100m_IBUF_BUFG | data_mem[3][7]_i_1_n_0   | reset_IBUF       |                4 |              8 |         2.00 |
|  clk100m_IBUF_BUFG | data_mem[400][7]_i_1_n_0 | reset_IBUF       |                3 |              8 |         2.67 |
|  clk100m_IBUF_BUFG | data_mem[377][7]_i_1_n_0 | reset_IBUF       |                3 |              8 |         2.67 |
|  clk100m_IBUF_BUFG | data_mem[394][7]_i_1_n_0 | reset_IBUF       |                2 |              8 |         4.00 |
|  clk100m_IBUF_BUFG | data_mem[401][7]_i_1_n_0 | reset_IBUF       |                2 |              8 |         4.00 |
|  clk100m_IBUF_BUFG | data_mem[384][7]_i_1_n_0 | reset_IBUF       |                1 |              8 |         8.00 |
|  clk100m_IBUF_BUFG | data_mem[402][7]_i_1_n_0 | reset_IBUF       |                2 |              8 |         4.00 |
|  clk100m_IBUF_BUFG | data_mem[405][7]_i_1_n_0 | reset_IBUF       |                2 |              8 |         4.00 |
|  clk100m_IBUF_BUFG | data_mem[367][7]_i_1_n_0 | reset_IBUF       |                4 |              8 |         2.00 |
|  clk100m_IBUF_BUFG | data_mem[406][7]_i_1_n_0 | reset_IBUF       |                3 |              8 |         2.67 |
|  clk100m_IBUF_BUFG | data_mem[407][7]_i_1_n_0 | reset_IBUF       |                4 |              8 |         2.00 |
|  clk100m_IBUF_BUFG | data_mem[408][7]_i_1_n_0 | reset_IBUF       |                6 |              8 |         1.33 |
|  clk100m_IBUF_BUFG | data_mem[373][7]_i_1_n_0 | reset_IBUF       |                2 |              8 |         4.00 |
|  clk100m_IBUF_BUFG | data_mem[396][7]_i_1_n_0 | reset_IBUF       |                2 |              8 |         4.00 |
|  clk100m_IBUF_BUFG | data_mem[36][7]_i_1_n_0  | reset_IBUF       |                2 |              8 |         4.00 |
|  clk100m_IBUF_BUFG | data_mem[403][7]_i_1_n_0 | reset_IBUF       |                2 |              8 |         4.00 |
|  clk100m_IBUF_BUFG | data_mem[369][7]_i_1_n_0 | reset_IBUF       |                3 |              8 |         2.67 |
|  clk100m_IBUF_BUFG | data_mem[375][7]_i_1_n_0 | reset_IBUF       |                4 |              8 |         2.00 |
|  clk100m_IBUF_BUFG | data_mem[362][7]_i_1_n_0 | reset_IBUF       |                5 |              8 |         1.60 |
|  clk100m_IBUF_BUFG | data_mem[365][7]_i_1_n_0 | reset_IBUF       |                5 |              8 |         1.60 |
|  clk100m_IBUF_BUFG | data_mem[371][7]_i_1_n_0 | reset_IBUF       |                3 |              8 |         2.67 |
|  clk100m_IBUF_BUFG | data_mem[381][7]_i_1_n_0 | reset_IBUF       |                6 |              8 |         1.33 |
|  clk100m_IBUF_BUFG | data_mem[368][7]_i_1_n_0 | reset_IBUF       |                2 |              8 |         4.00 |
|  clk100m_IBUF_BUFG | data_mem[386][7]_i_1_n_0 | reset_IBUF       |                3 |              8 |         2.67 |
|  clk100m_IBUF_BUFG | data_mem[392][7]_i_1_n_0 | reset_IBUF       |                2 |              8 |         4.00 |
|  clk100m_IBUF_BUFG | data_mem[397][7]_i_1_n_0 | reset_IBUF       |                3 |              8 |         2.67 |
|  clk100m_IBUF_BUFG | data_mem[372][7]_i_1_n_0 | reset_IBUF       |                2 |              8 |         4.00 |
|  clk100m_IBUF_BUFG | data_mem[363][7]_i_1_n_0 | reset_IBUF       |                4 |              8 |         2.00 |
|  clk100m_IBUF_BUFG | data_mem[398][7]_i_1_n_0 | reset_IBUF       |                3 |              8 |         2.67 |
|  clk100m_IBUF_BUFG | data_mem[404][7]_i_1_n_0 | reset_IBUF       |                2 |              8 |         4.00 |
|  clk100m_IBUF_BUFG | data_mem[359][7]_i_1_n_0 | reset_IBUF       |                2 |              8 |         4.00 |
|  clk100m_IBUF_BUFG | data_mem[35][7]_i_1_n_0  | reset_IBUF       |                2 |              8 |         4.00 |
|  clk100m_IBUF_BUFG | data_mem[360][7]_i_1_n_0 | reset_IBUF       |                3 |              8 |         2.67 |
|  clk100m_IBUF_BUFG | data_mem[376][7]_i_1_n_0 | reset_IBUF       |                3 |              8 |         2.67 |
|  clk100m_IBUF_BUFG | data_mem[385][7]_i_1_n_0 | reset_IBUF       |                2 |              8 |         4.00 |
|  clk100m_IBUF_BUFG | data_mem[387][7]_i_1_n_0 | reset_IBUF       |                6 |              8 |         1.33 |
|  clk100m_IBUF_BUFG | data_mem[361][7]_i_1_n_0 | reset_IBUF       |                4 |              8 |         2.00 |
|  clk100m_IBUF_BUFG | data_mem[378][7]_i_1_n_0 | reset_IBUF       |                2 |              8 |         4.00 |
|  clk100m_IBUF_BUFG | data_mem[388][7]_i_1_n_0 | reset_IBUF       |                2 |              8 |         4.00 |
|  clk100m_IBUF_BUFG | data_mem[389][7]_i_1_n_0 | reset_IBUF       |                2 |              8 |         4.00 |
|  clk100m_IBUF_BUFG | data_mem[383][7]_i_1_n_0 | reset_IBUF       |                6 |              8 |         1.33 |
|  clk100m_IBUF_BUFG | data_mem[44][7]_i_1_n_0  | reset_IBUF       |                2 |              8 |         4.00 |
|  clk100m_IBUF_BUFG | data_mem[454][7]_i_1_n_0 | reset_IBUF       |                7 |              8 |         1.14 |
|  clk100m_IBUF_BUFG | data_mem[462][7]_i_1_n_0 | reset_IBUF       |                7 |              8 |         1.14 |
|  clk100m_IBUF_BUFG | data_mem[419][7]_i_1_n_0 | reset_IBUF       |                1 |              8 |         8.00 |
|  clk100m_IBUF_BUFG | data_mem[41][7]_i_1_n_0  | reset_IBUF       |                3 |              8 |         2.67 |
|  clk100m_IBUF_BUFG | data_mem[40][7]_i_1_n_0  | reset_IBUF       |                2 |              8 |         4.00 |
|  clk100m_IBUF_BUFG | data_mem[409][7]_i_1_n_0 | reset_IBUF       |                4 |              8 |         2.00 |
|  clk100m_IBUF_BUFG | data_mem[412][7]_i_1_n_0 | reset_IBUF       |                4 |              8 |         2.00 |
|  clk100m_IBUF_BUFG | data_mem[414][7]_i_1_n_0 | reset_IBUF       |                4 |              8 |         2.00 |
|  clk100m_IBUF_BUFG | data_mem[423][7]_i_1_n_0 | reset_IBUF       |                4 |              8 |         2.00 |
|  clk100m_IBUF_BUFG | data_mem[418][7]_i_1_n_0 | reset_IBUF       |                5 |              8 |         1.60 |
|  clk100m_IBUF_BUFG | data_mem[427][7]_i_1_n_0 | reset_IBUF       |                4 |              8 |         2.00 |
|  clk100m_IBUF_BUFG | data_mem[428][7]_i_1_n_0 | reset_IBUF       |                5 |              8 |         1.60 |
|  clk100m_IBUF_BUFG | data_mem[417][7]_i_1_n_0 | reset_IBUF       |                5 |              8 |         1.60 |
|  clk100m_IBUF_BUFG | data_mem[429][7]_i_1_n_0 | reset_IBUF       |                3 |              8 |         2.67 |
|  clk100m_IBUF_BUFG | data_mem[431][7]_i_1_n_0 | reset_IBUF       |                7 |              8 |         1.14 |
|  clk100m_IBUF_BUFG | data_mem[432][7]_i_1_n_0 | reset_IBUF       |                2 |              8 |         4.00 |
|  clk100m_IBUF_BUFG | data_mem[435][7]_i_1_n_0 | reset_IBUF       |                2 |              8 |         4.00 |
|  clk100m_IBUF_BUFG | data_mem[436][7]_i_1_n_0 | reset_IBUF       |                1 |              8 |         8.00 |
|  clk100m_IBUF_BUFG | data_mem[413][7]_i_1_n_0 | reset_IBUF       |                3 |              8 |         2.67 |
|  clk100m_IBUF_BUFG | data_mem[425][7]_i_1_n_0 | reset_IBUF       |                4 |              8 |         2.00 |
|  clk100m_IBUF_BUFG | data_mem[440][7]_i_1_n_0 | reset_IBUF       |                3 |              8 |         2.67 |
|  clk100m_IBUF_BUFG | data_mem[450][7]_i_1_n_0 | reset_IBUF       |                4 |              8 |         2.00 |
|  clk100m_IBUF_BUFG | data_mem[434][7]_i_1_n_0 | reset_IBUF       |                2 |              8 |         4.00 |
|  clk100m_IBUF_BUFG | data_mem[415][7]_i_1_n_0 | reset_IBUF       |                7 |              8 |         1.14 |
|  clk100m_IBUF_BUFG | data_mem[445][7]_i_1_n_0 | reset_IBUF       |                2 |              8 |         4.00 |
|  clk100m_IBUF_BUFG | data_mem[446][7]_i_1_n_0 | reset_IBUF       |                2 |              8 |         4.00 |
|  clk100m_IBUF_BUFG | data_mem[453][7]_i_1_n_0 | reset_IBUF       |                2 |              8 |         4.00 |
|  clk100m_IBUF_BUFG | data_mem[422][7]_i_1_n_0 | reset_IBUF       |                3 |              8 |         2.67 |
|  clk100m_IBUF_BUFG | data_mem[455][7]_i_1_n_0 | reset_IBUF       |                3 |              8 |         2.67 |
|  clk100m_IBUF_BUFG | data_mem[457][7]_i_1_n_0 | reset_IBUF       |                2 |              8 |         4.00 |
|  clk100m_IBUF_BUFG | data_mem[458][7]_i_1_n_0 | reset_IBUF       |                2 |              8 |         4.00 |
|  clk100m_IBUF_BUFG | data_mem[416][7]_i_1_n_0 | reset_IBUF       |                3 |              8 |         2.67 |
|  clk100m_IBUF_BUFG | data_mem[461][7]_i_1_n_0 | reset_IBUF       |                5 |              8 |         1.60 |
|  clk100m_IBUF_BUFG | data_mem[420][7]_i_1_n_0 | reset_IBUF       |                1 |              8 |         8.00 |
|  clk100m_IBUF_BUFG | data_mem[421][7]_i_1_n_0 | reset_IBUF       |                2 |              8 |         4.00 |
|  clk100m_IBUF_BUFG | data_mem[42][7]_i_1_n_0  | reset_IBUF       |                3 |              8 |         2.67 |
|  clk100m_IBUF_BUFG | data_mem[439][7]_i_1_n_0 | reset_IBUF       |                2 |              8 |         4.00 |
|  clk100m_IBUF_BUFG | data_mem[444][7]_i_1_n_0 | reset_IBUF       |                4 |              8 |         2.00 |
|  clk100m_IBUF_BUFG | data_mem[456][7]_i_1_n_0 | reset_IBUF       |                1 |              8 |         8.00 |
|  clk100m_IBUF_BUFG | data_mem[45][7]_i_1_n_0  | reset_IBUF       |                4 |              8 |         2.00 |
|  clk100m_IBUF_BUFG | data_mem[449][7]_i_1_n_0 | reset_IBUF       |                2 |              8 |         4.00 |
|  clk100m_IBUF_BUFG | data_mem[463][7]_i_1_n_0 | reset_IBUF       |                5 |              8 |         1.60 |
|  clk100m_IBUF_BUFG | data_mem[464][7]_i_1_n_0 | reset_IBUF       |                2 |              8 |         4.00 |
|  clk100m_IBUF_BUFG | data_mem[451][7]_i_1_n_0 | reset_IBUF       |                3 |              8 |         2.67 |
|  clk100m_IBUF_BUFG | data_mem[465][7]_i_1_n_0 | reset_IBUF       |                2 |              8 |         4.00 |
|  clk100m_IBUF_BUFG | data_mem[466][7]_i_1_n_0 | reset_IBUF       |                2 |              8 |         4.00 |
|  clk100m_IBUF_BUFG | data_mem[424][7]_i_1_n_0 | reset_IBUF       |                5 |              8 |         1.60 |
|  clk100m_IBUF_BUFG | data_mem[43][7]_i_1_n_0  | reset_IBUF       |                4 |              8 |         2.00 |
|  clk100m_IBUF_BUFG | data_mem[452][7]_i_1_n_0 | reset_IBUF       |                2 |              8 |         4.00 |
|  clk100m_IBUF_BUFG | data_mem[426][7]_i_1_n_0 | reset_IBUF       |                4 |              8 |         2.00 |
|  clk100m_IBUF_BUFG | data_mem[433][7]_i_1_n_0 | reset_IBUF       |                4 |              8 |         2.00 |
|  clk100m_IBUF_BUFG | data_mem[441][7]_i_1_n_0 | reset_IBUF       |                5 |              8 |         1.60 |
|  clk100m_IBUF_BUFG | data_mem[448][7]_i_1_n_0 | reset_IBUF       |                2 |              8 |         4.00 |
|  clk100m_IBUF_BUFG | data_mem[411][7]_i_1_n_0 | reset_IBUF       |                3 |              8 |         2.67 |
|  clk100m_IBUF_BUFG | data_mem[443][7]_i_1_n_0 | reset_IBUF       |                4 |              8 |         2.00 |
|  clk100m_IBUF_BUFG | data_mem[459][7]_i_1_n_0 | reset_IBUF       |                6 |              8 |         1.33 |
|  clk100m_IBUF_BUFG | data_mem[460][7]_i_1_n_0 | reset_IBUF       |                3 |              8 |         2.67 |
|  clk100m_IBUF_BUFG | data_mem[442][7]_i_1_n_0 | reset_IBUF       |                3 |              8 |         2.67 |
|  clk100m_IBUF_BUFG | data_mem[410][7]_i_1_n_0 | reset_IBUF       |                7 |              8 |         1.14 |
|  clk100m_IBUF_BUFG | data_mem[447][7]_i_1_n_0 | reset_IBUF       |                5 |              8 |         1.60 |
|  clk100m_IBUF_BUFG | data_mem[437][7]_i_1_n_0 | reset_IBUF       |                3 |              8 |         2.67 |
|  clk100m_IBUF_BUFG | data_mem[438][7]_i_1_n_0 | reset_IBUF       |                2 |              8 |         4.00 |
|  clk100m_IBUF_BUFG | data_mem[430][7]_i_1_n_0 | reset_IBUF       |                5 |              8 |         1.60 |
|  clk100m_IBUF_BUFG | data_mem[48][7]_i_1_n_0  | reset_IBUF       |                3 |              8 |         2.67 |
|  clk100m_IBUF_BUFG | data_mem[473][7]_i_1_n_0 | reset_IBUF       |                3 |              8 |         2.67 |
|  clk100m_IBUF_BUFG | data_mem[467][7]_i_1_n_0 | reset_IBUF       |                2 |              8 |         4.00 |
|  clk100m_IBUF_BUFG | data_mem[474][7]_i_1_n_0 | reset_IBUF       |                5 |              8 |         1.60 |
|  clk100m_IBUF_BUFG | data_mem[483][7]_i_1_n_0 | reset_IBUF       |                2 |              8 |         4.00 |
|  clk100m_IBUF_BUFG | data_mem[486][7]_i_1_n_0 | reset_IBUF       |                2 |              8 |         4.00 |
|  clk100m_IBUF_BUFG | data_mem[484][7]_i_1_n_0 | reset_IBUF       |                2 |              8 |         4.00 |
|  clk100m_IBUF_BUFG | data_mem[492][7]_i_1_n_0 | reset_IBUF       |                2 |              8 |         4.00 |
|  clk100m_IBUF_BUFG | data_mem[502][7]_i_1_n_0 | reset_IBUF       |                2 |              8 |         4.00 |
|  clk100m_IBUF_BUFG | data_mem[468][7]_i_1_n_0 | reset_IBUF       |                5 |              8 |         1.60 |
|  clk100m_IBUF_BUFG | data_mem[490][7]_i_1_n_0 | reset_IBUF       |                2 |              8 |         4.00 |
|  clk100m_IBUF_BUFG | data_mem[470][7]_i_1_n_0 | reset_IBUF       |                3 |              8 |         2.67 |
|  clk100m_IBUF_BUFG | data_mem[504][7]_i_1_n_0 | reset_IBUF       |                3 |              8 |         2.67 |
|  clk100m_IBUF_BUFG | data_mem[481][7]_i_1_n_0 | reset_IBUF       |                2 |              8 |         4.00 |
|  clk100m_IBUF_BUFG | data_mem[499][7]_i_1_n_0 | reset_IBUF       |                2 |              8 |         4.00 |
|  clk100m_IBUF_BUFG | data_mem[508][7]_i_1_n_0 | reset_IBUF       |                2 |              8 |         4.00 |
|  clk100m_IBUF_BUFG | data_mem[478][7]_i_1_n_0 | reset_IBUF       |                5 |              8 |         1.60 |
|  clk100m_IBUF_BUFG | data_mem[485][7]_i_1_n_0 | reset_IBUF       |                2 |              8 |         4.00 |
|  clk100m_IBUF_BUFG | data_mem[472][7]_i_1_n_0 | reset_IBUF       |                2 |              8 |         4.00 |
|  clk100m_IBUF_BUFG | data_mem[503][7]_i_1_n_0 | reset_IBUF       |                1 |              8 |         8.00 |
|  clk100m_IBUF_BUFG | data_mem[510][7]_i_1_n_0 | reset_IBUF       |                6 |              8 |         1.33 |
|  clk100m_IBUF_BUFG | data_mem[506][7]_i_1_n_0 | reset_IBUF       |                4 |              8 |         2.00 |
|  clk100m_IBUF_BUFG | data_mem[53][7]_i_1_n_0  | reset_IBUF       |                2 |              8 |         4.00 |
|  clk100m_IBUF_BUFG | data_mem[471][7]_i_1_n_0 | reset_IBUF       |                2 |              8 |         4.00 |
|  clk100m_IBUF_BUFG | data_mem[507][7]_i_1_n_0 | reset_IBUF       |                3 |              8 |         2.67 |
|  clk100m_IBUF_BUFG | data_mem[54][7]_i_1_n_0  | reset_IBUF       |                2 |              8 |         4.00 |
|  clk100m_IBUF_BUFG | data_mem[55][7]_i_1_n_0  | reset_IBUF       |                2 |              8 |         4.00 |
|  clk100m_IBUF_BUFG | data_mem[509][7]_i_1_n_0 | reset_IBUF       |                6 |              8 |         1.33 |
|  clk100m_IBUF_BUFG | data_mem[495][7]_i_1_n_0 | reset_IBUF       |                6 |              8 |         1.33 |
|  clk100m_IBUF_BUFG | data_mem[489][7]_i_1_n_0 | reset_IBUF       |                4 |              8 |         2.00 |
|  clk100m_IBUF_BUFG | data_mem[56][7]_i_1_n_0  | reset_IBUF       |                3 |              8 |         2.67 |
|  clk100m_IBUF_BUFG | data_mem[482][7]_i_1_n_0 | reset_IBUF       |                6 |              8 |         1.33 |
|  clk100m_IBUF_BUFG | data_mem[49][7]_i_1_n_0  | reset_IBUF       |                2 |              8 |         4.00 |
|  clk100m_IBUF_BUFG | data_mem[4][7]_i_1_n_0   | reset_IBUF       |                3 |              8 |         2.67 |
|  clk100m_IBUF_BUFG | data_mem[50][7]_i_1_n_0  | reset_IBUF       |                2 |              8 |         4.00 |
|  clk100m_IBUF_BUFG | data_mem[480][7]_i_1_n_0 | reset_IBUF       |                2 |              8 |         4.00 |
|  clk100m_IBUF_BUFG | data_mem[498][7]_i_1_n_0 | reset_IBUF       |                2 |              8 |         4.00 |
|  clk100m_IBUF_BUFG | data_mem[469][7]_i_1_n_0 | reset_IBUF       |                5 |              8 |         1.60 |
|  clk100m_IBUF_BUFG | data_mem[491][7]_i_1_n_0 | reset_IBUF       |                3 |              8 |         2.67 |
|  clk100m_IBUF_BUFG | data_mem[496][7]_i_1_n_0 | reset_IBUF       |                2 |              8 |         4.00 |
|  clk100m_IBUF_BUFG | data_mem[493][7]_i_1_n_0 | reset_IBUF       |                1 |              8 |         8.00 |
|  clk100m_IBUF_BUFG | data_mem[476][7]_i_1_n_0 | reset_IBUF       |                4 |              8 |         2.00 |
|  clk100m_IBUF_BUFG | data_mem[47][7]_i_1_n_0  | reset_IBUF       |                8 |              8 |         1.00 |
|  clk100m_IBUF_BUFG | data_mem[477][7]_i_1_n_0 | reset_IBUF       |                2 |              8 |         4.00 |
|  clk100m_IBUF_BUFG | data_mem[488][7]_i_1_n_0 | reset_IBUF       |                4 |              8 |         2.00 |
|  clk100m_IBUF_BUFG | data_mem[497][7]_i_1_n_0 | reset_IBUF       |                1 |              8 |         8.00 |
|  clk100m_IBUF_BUFG | data_mem[487][7]_i_1_n_0 | reset_IBUF       |                2 |              8 |         4.00 |
|  clk100m_IBUF_BUFG | data_mem[505][7]_i_1_n_0 | reset_IBUF       |                3 |              8 |         2.67 |
|  clk100m_IBUF_BUFG | data_mem[51][7]_i_1_n_0  | reset_IBUF       |                3 |              8 |         2.67 |
|  clk100m_IBUF_BUFG | data_mem[52][7]_i_1_n_0  | reset_IBUF       |                2 |              8 |         4.00 |
|  clk100m_IBUF_BUFG | data_mem[501][7]_i_1_n_0 | reset_IBUF       |                4 |              8 |         2.00 |
|  clk100m_IBUF_BUFG | data_mem[46][7]_i_1_n_0  | reset_IBUF       |                2 |              8 |         4.00 |
|  clk100m_IBUF_BUFG | data_mem[475][7]_i_1_n_0 | reset_IBUF       |                2 |              8 |         4.00 |
|  clk100m_IBUF_BUFG | data_mem[494][7]_i_1_n_0 | reset_IBUF       |                6 |              8 |         1.33 |
|  clk100m_IBUF_BUFG | data_mem[500][7]_i_1_n_0 | reset_IBUF       |                2 |              8 |         4.00 |
|  clk100m_IBUF_BUFG | data_mem[479][7]_i_1_n_0 | reset_IBUF       |                5 |              8 |         1.60 |
|  clk100m_IBUF_BUFG | data_mem[68][7]_i_1_n_0  | reset_IBUF       |                2 |              8 |         4.00 |
|  clk100m_IBUF_BUFG | data_mem[6][7]_i_1_n_0   | reset_IBUF       |                3 |              8 |         2.67 |
|  clk100m_IBUF_BUFG | data_mem[7][7]_i_1_n_0   | reset_IBUF       |                7 |              8 |         1.14 |
|  clk100m_IBUF_BUFG | data_mem[80][7]_i_1_n_0  | reset_IBUF       |                2 |              8 |         4.00 |
|  clk100m_IBUF_BUFG | data_mem[81][7]_i_1_n_0  | reset_IBUF       |                3 |              8 |         2.67 |
|  clk100m_IBUF_BUFG | data_mem[73][7]_i_1_n_0  | reset_IBUF       |                5 |              8 |         1.60 |
|  clk100m_IBUF_BUFG | data_mem[86][7]_i_1_n_0  | reset_IBUF       |                2 |              8 |         4.00 |
|  clk100m_IBUF_BUFG | data_mem[92][7]_i_1_n_0  | reset_IBUF       |                2 |              8 |         4.00 |
|  clk100m_IBUF_BUFG | data_mem[89][7]_i_1_n_0  | reset_IBUF       |                5 |              8 |         1.60 |
|  clk100m_IBUF_BUFG | data_mem[57][7]_i_1_n_0  | reset_IBUF       |                3 |              8 |         2.67 |
|  clk100m_IBUF_BUFG | data_mem[96][7]_i_1_n_0  | reset_IBUF       |                6 |              8 |         1.33 |
|  clk100m_IBUF_BUFG | data_mem[70][7]_i_1_n_0  | reset_IBUF       |                2 |              8 |         4.00 |
|  clk100m_IBUF_BUFG | data_mem[9][7]_i_1_n_0   | reset_IBUF       |                4 |              8 |         2.00 |
|  clk100m_IBUF_BUFG | data_mem[75][7]_i_1_n_0  | reset_IBUF       |                5 |              8 |         1.60 |
|  clk100m_IBUF_BUFG | data_mem[79][7]_i_1_n_0  | reset_IBUF       |                5 |              8 |         1.60 |
|  clk100m_IBUF_BUFG | data_mem[84][7]_i_1_n_0  | reset_IBUF       |                2 |              8 |         4.00 |
|  clk100m_IBUF_BUFG | data_mem[63][7]_i_1_n_0  | reset_IBUF       |                3 |              8 |         2.67 |
|  clk100m_IBUF_BUFG | data_mem[64][7]_i_1_n_0  | reset_IBUF       |                3 |              8 |         2.67 |
|  clk100m_IBUF_BUFG | data_mem[94][7]_i_1_n_0  | reset_IBUF       |                4 |              8 |         2.00 |
|  clk100m_IBUF_BUFG | data_mem[72][7]_i_1_n_0  | reset_IBUF       |                6 |              8 |         1.33 |
|  clk100m_IBUF_BUFG | data_mem[83][7]_i_1_n_0  | reset_IBUF       |                2 |              8 |         4.00 |
|  clk100m_IBUF_BUFG | data_mem[93][7]_i_1_n_0  | reset_IBUF       |                2 |              8 |         4.00 |
|  clk100m_IBUF_BUFG | data_mem[99][7]_i_1_n_0  | reset_IBUF       |                3 |              8 |         2.67 |
|  clk100m_IBUF_BUFG | data_mem[62][7]_i_1_n_0  | reset_IBUF       |                5 |              8 |         1.60 |
|  clk100m_IBUF_BUFG | data_mem[71][7]_i_1_n_0  | reset_IBUF       |                2 |              8 |         4.00 |
|  clk100m_IBUF_BUFG | data_mem[58][7]_i_1_n_0  | reset_IBUF       |                2 |              8 |         4.00 |
|  clk100m_IBUF_BUFG | data_mem[77][7]_i_1_n_0  | reset_IBUF       |                2 |              8 |         4.00 |
|  clk100m_IBUF_BUFG | data_mem[87][7]_i_1_n_0  | reset_IBUF       |                2 |              8 |         4.00 |
|  clk100m_IBUF_BUFG | data_mem[90][7]_i_1_n_0  | reset_IBUF       |                2 |              8 |         4.00 |
|  clk100m_IBUF_BUFG | data_mem[91][7]_i_1_n_0  | reset_IBUF       |                3 |              8 |         2.67 |
|  clk100m_IBUF_BUFG | data_mem[67][7]_i_1_n_0  | reset_IBUF       |                2 |              8 |         4.00 |
|  clk100m_IBUF_BUFG | data_mem[82][7]_i_1_n_0  | reset_IBUF       |                2 |              8 |         4.00 |
|  clk100m_IBUF_BUFG | data_mem[8][7]_i_1_n_0   | reset_IBUF       |                5 |              8 |         1.60 |
|  clk100m_IBUF_BUFG | data_mem[76][7]_i_1_n_0  | reset_IBUF       |                2 |              8 |         4.00 |
|  clk100m_IBUF_BUFG | data_mem[74][7]_i_1_n_0  | reset_IBUF       |                5 |              8 |         1.60 |
|  clk100m_IBUF_BUFG | data_mem[78][7]_i_1_n_0  | reset_IBUF       |                3 |              8 |         2.67 |
|  clk100m_IBUF_BUFG | data_mem[69][7]_i_1_n_0  | reset_IBUF       |                4 |              8 |         2.00 |
|  clk100m_IBUF_BUFG | data_mem[66][7]_i_1_n_0  | reset_IBUF       |                3 |              8 |         2.67 |
|  clk100m_IBUF_BUFG | data_mem[5][7]_i_1_n_0   | reset_IBUF       |                3 |              8 |         2.67 |
|  clk100m_IBUF_BUFG | data_mem[85][7]_i_1_n_0  | reset_IBUF       |                2 |              8 |         4.00 |
|  clk100m_IBUF_BUFG | data_mem[88][7]_i_1_n_0  | reset_IBUF       |                2 |              8 |         4.00 |
|  clk100m_IBUF_BUFG | data_mem[98][7]_i_1_n_0  | reset_IBUF       |                2 |              8 |         4.00 |
|  clk100m_IBUF_BUFG | data_mem[61][7]_i_1_n_0  | reset_IBUF       |                5 |              8 |         1.60 |
|  clk100m_IBUF_BUFG | data_mem[95][7]_i_1_n_0  | reset_IBUF       |                6 |              8 |         1.33 |
|  clk100m_IBUF_BUFG | data_mem[60][7]_i_1_n_0  | reset_IBUF       |                2 |              8 |         4.00 |
|  clk100m_IBUF_BUFG | data_mem[65][7]_i_1_n_0  | reset_IBUF       |                1 |              8 |         8.00 |
|  clk100m_IBUF_BUFG | data_mem[97][7]_i_1_n_0  | reset_IBUF       |                2 |              8 |         4.00 |
|  clk100m_IBUF_BUFG | data_mem[59][7]_i_1_n_0  | reset_IBUF       |                2 |              8 |         4.00 |
+--------------------+--------------------------+------------------+------------------+----------------+--------------+


