#-----------------------------------------------------------
# Vivado v2023.2 (64-bit)
# SW Build 4029153 on Fri Oct 13 20:14:34 MDT 2023
# IP Build 4028589 on Sat Oct 14 00:45:43 MDT 2023
# SharedData Build 4025554 on Tue Oct 10 17:18:54 MDT 2023
# Start of session at: Sat Apr 19 19:43:46 2025
# Process ID: 15704
# Current directory: C:/Users/shrin/Desktop/Vivado_projects/Lipsi_Project/simulation
# Command line: vivado.exe -gui_launcher_event rodinguilauncherevent7592 C:\Users\shrin\Desktop\Vivado_projects\Lipsi_Project\simulation\controller.xpr
# Log file: C:/Users/shrin/Desktop/Vivado_projects/Lipsi_Project/simulation/vivado.log
# Journal file: C:/Users/shrin/Desktop/Vivado_projects/Lipsi_Project/simulation\vivado.jou
# Running On: Shri, OS: Windows, CPU Frequency: 2496 MHz, CPU Physical cores: 4, Host memory: 12622 MB
#-----------------------------------------------------------
start_gui
open_project C:/Users/shrin/Desktop/Vivado_projects/Lipsi_Project/simulation/controller.xpr
update_compile_order -fileset sources_1
reset_run impl_1 -prev_step 
launch_runs impl_1 -to_step write_bitstream -jobs 4
wait_on_run impl_1
open_hw_manager
connect_hw_server -allow_non_jtag
open_hw_target
set_property PROGRAM.FILE {C:/Users/shrin/Desktop/Vivado_projects/Lipsi_Project/simulation/controller.runs/impl_1/seven_segment.bit} [get_hw_devices xc7a35t_0]
current_hw_device [get_hw_devices xc7a35t_0]
refresh_hw_device -update_hw_probes false [lindex [get_hw_devices xc7a35t_0] 0]
set_property PROBES.FILE {} [get_hw_devices xc7a35t_0]
set_property FULL_PROBES.FILE {} [get_hw_devices xc7a35t_0]
set_property PROGRAM.FILE {C:/Users/shrin/Desktop/Vivado_projects/Lipsi_Project/simulation/controller.runs/impl_1/seven_segment.bit} [get_hw_devices xc7a35t_0]
program_hw_devices [get_hw_devices xc7a35t_0]
refresh_hw_device [lindex [get_hw_devices xc7a35t_0] 0]
close_hw_manager
reset_run synth_1
launch_runs impl_1 -to_step write_bitstream -jobs 4
wait_on_run impl_1
open_hw_manager
connect_hw_server -allow_non_jtag
open_hw_target
set_property PROGRAM.FILE {C:/Users/shrin/Desktop/Vivado_projects/Lipsi_Project/simulation/controller.runs/impl_1/seven_segment.bit} [get_hw_devices xc7a35t_0]
current_hw_device [get_hw_devices xc7a35t_0]
refresh_hw_device -update_hw_probes false [lindex [get_hw_devices xc7a35t_0] 0]
set_property PROBES.FILE {} [get_hw_devices xc7a35t_0]
set_property FULL_PROBES.FILE {} [get_hw_devices xc7a35t_0]
set_property PROGRAM.FILE {C:/Users/shrin/Desktop/Vivado_projects/Lipsi_Project/simulation/controller.runs/impl_1/seven_segment.bit} [get_hw_devices xc7a35t_0]
program_hw_devices [get_hw_devices xc7a35t_0]
refresh_hw_device [lindex [get_hw_devices xc7a35t_0] 0]
close_hw_manager
reset_run synth_1
launch_runs impl_1 -to_step write_bitstream -jobs 4
wait_on_run impl_1
open_hw_manager
connect_hw_server -allow_non_jtag
open_hw_target
set_property PROGRAM.FILE {C:/Users/shrin/Desktop/Vivado_projects/Lipsi_Project/simulation/controller.runs/impl_1/seven_segment.bit} [get_hw_devices xc7a35t_0]
current_hw_device [get_hw_devices xc7a35t_0]
refresh_hw_device -update_hw_probes false [lindex [get_hw_devices xc7a35t_0] 0]
set_property PROBES.FILE {} [get_hw_devices xc7a35t_0]
set_property FULL_PROBES.FILE {} [get_hw_devices xc7a35t_0]
set_property PROGRAM.FILE {C:/Users/shrin/Desktop/Vivado_projects/Lipsi_Project/simulation/controller.runs/impl_1/seven_segment.bit} [get_hw_devices xc7a35t_0]
program_hw_devices [get_hw_devices xc7a35t_0]
refresh_hw_device [lindex [get_hw_devices xc7a35t_0] 0]
close_hw_manager
launch_simulation -mode post-synthesis -type functional
source lipsi_top2.tcl
add_force {/lipsi_top2/clk} -radix hex {1 0ns} {0 50000ps} -repeat_every 100000ps
add_force {/lipsi_top2/reset} -radix hex {1 0ns} -cancel_after 280ns
run 50 us
relaunch_sim
relaunch_sim
close_sim
launch_simulation -mode post-synthesis -type functional
source lipsi_top2.tcl
add_force {/lipsi_top2/clk} -radix hex {1 0ns} {0 50000ps} -repeat_every 100000ps
add_force {/lipsi_top2/reset} -radix hex {1 0ns} -cancel_after 280ns
add_force {/lipsi_top2/sw} -radix hex {0004 0ns}
run 50 us
reset_run synth_1
launch_runs synth_1 -jobs 4
wait_on_run synth_1
close_sim
close_design
launch_simulation -mode post-synthesis -type functional
source lipsi_top2.tcl
add_force {/lipsi_top2/clk} -radix hex {1 0ns} {0 50000ps} -repeat_every 100000ps
add_force {/lipsi_top2/reset} -radix hex {1 0ns} -cancel_after 280ns
add_force {/lipsi_top2/sw} -radix hex {0004 0ns}
run 50 us
run 50 us
add_force {/lipsi_top2/clk} -radix hex {1 0ns} {0 50000ps} -repeat_every 100000ps
add_force {/lipsi_top2/reset} -radix hex {1 0ns} -cancel_after 280ns
add_force {/lipsi_top2/sw} -radix hex {0004 0ns}
run 50 us
relaunch_sim
close_sim
close_design
launch_simulation -mode post-synthesis -type functional
source lipsi_top2.tcl
add_force {/lipsi_top2/clk} -radix hex {1 0ns} {0 50000ps} -repeat_every 100000ps
add_force {/lipsi_top2/reset} -radix hex {1 0ns} -cancel_after 280ns
add_force {/lipsi_top2/sw} -radix hex {0001 0ns}
remove_forces { {/lipsi_top2/sw} }
add_force {/lipsi_top2/sw} -radix hex {0004 0ns}
run 50 us
close_sim
launch_runs impl_1 -to_step write_bitstream -jobs 4
wait_on_run impl_1
open_hw_manager
connect_hw_server -allow_non_jtag
open_hw_target
set_property PROGRAM.FILE {C:/Users/shrin/Desktop/Vivado_projects/Lipsi_Project/simulation/controller.runs/impl_1/seven_segment.bit} [get_hw_devices xc7a35t_0]
current_hw_device [get_hw_devices xc7a35t_0]
refresh_hw_device -update_hw_probes false [lindex [get_hw_devices xc7a35t_0] 0]
set_property PROBES.FILE {} [get_hw_devices xc7a35t_0]
set_property FULL_PROBES.FILE {} [get_hw_devices xc7a35t_0]
set_property PROGRAM.FILE {C:/Users/shrin/Desktop/Vivado_projects/Lipsi_Project/simulation/controller.runs/impl_1/seven_segment.bit} [get_hw_devices xc7a35t_0]
program_hw_devices [get_hw_devices xc7a35t_0]
refresh_hw_device [lindex [get_hw_devices xc7a35t_0] 0]
reset_run synth_1
launch_runs impl_1 -to_step write_bitstream -jobs 4
wait_on_run impl_1
set_property PROBES.FILE {} [get_hw_devices xc7a35t_0]
set_property FULL_PROBES.FILE {} [get_hw_devices xc7a35t_0]
set_property PROGRAM.FILE {C:/Users/shrin/Desktop/Vivado_projects/Lipsi_Project/simulation/controller.runs/impl_1/seven_segment.bit} [get_hw_devices xc7a35t_0]
program_hw_devices [get_hw_devices xc7a35t_0]
refresh_hw_device [lindex [get_hw_devices xc7a35t_0] 0]
launch_simulation -mode post-implementation -type functional
source lipsi_top2.tcl
add_force {/lipsi_top2/clk} -radix hex {1 0ns} {0 50000ps} -repeat_every 100000ps
add_force {/lipsi_top2/reset} -radix hex {1 0ns} -cancel_after 278ns
add_force {/lipsi_top2/sw} -radix hex {000a 0ns}
run 50 us
close_sim
